<html>
<body>
<pre>
<h1>µVision Build Log</h1>
<h2>Tool Versions:</h2>
IDE-Version: ¦ÌVision V5.43.1.0
Copyright (C) 2025 ARM Ltd and ARM Germany GmbH. All rights reserved.
License Information: 1 4962752, HP Inc., LIC=IK1BF-6Q1AH-9UB4U-SHHPF-U1XV6-ESPQ7
 
Tool Versions:
Toolchain:       MDK-ARM Plus  Version: 5.43.0.0
Toolchain Path:  D:\keil5\ARM\ARMCLANG\Bin
C Compiler:      ArmClang.exe V6.24
Assembler:       Armasm.exe V6.24
Linker/Locator:  ArmLink.exe V6.24
Library Manager: ArmAr.exe V6.24
Hex Converter:   FromElf.exe V6.24
CPU DLL:         SARMCM3.DLL V5.43.0.0
Dialog DLL:      DARMCM1.DLL V1.19.6.0
Target DLL:      CMSIS_AGDI.dll V1.33.24.0
Dialog DLL:      TARMCM1.DLL V1.14.6.0
 
<h2>Project:</h2>
D:\Desktop\m0_project\0-empty\keil\empty.uvprojx
Project File Date:  06/18/2026

<h2>Output:</h2>
*** Using Compiler 'V6.24', folder: 'D:\keil5\ARM\ARMCLANG\Bin'
Build target 'empty_LP_MSPM0G3507_nortos_keil'
Before Build - User command #1: cmd.exe /C "D:\Desktop\m0_project\0-empty\keil\../tools/keil/syscfg.bat 'D:\Desktop\m0_project\0-empty\keil\' empty.syscfg"
Using Sysconfig Tool from "D:\ti\sysconfig_1.27.1\sysconfig_cli.bat"
"Update the file located at <sdk path>/tools/keil/syscfg.bat to use a different version"
Running script...
Ignoring the following missing components: /ti/project_config/project_config.component.js, /ti/project_config/templates/linker.component.js, /ti/project_config/templates/options.component.js, /ti/project_config/templates/genlibs.component.js, /ti/driverlib/driverlib.component.js, /ti/clockTree/clockTree.component.js, /ti/tinyusb_meta/tinyusb.component.js
Validating...
compiling empty.c...
compiling ti_msp_dl_config.c...
linking...
Program Size: Code=1010 RO-data=222 RW-data=0 ZI-data=544  
FromELF: creating hex file...
".\Objects\empty_LP_MSPM0G3507_nortos_keil.axf" - 0 Error(s), 0 Warning(s).

<h2>Software Packages used:</h2>

Package Vendor: TexasInstruments
                http://software-dl.ti.com/msp430/esd/MSPM0-CMSIS/MSPM0G/latest/exports/TexasInstruments.MSPM0G_DFP.1.2.1.pack
                TexasInstruments::MSPM0G_DFP@1.2.1
                Device Family Pack for Texas Instruments MSPM0G Series

<h2>Collection of Component include folders:</h2>

<h2>Collection of Component Files used:</h2>
Build Time Elapsed:  00:00:02
</pre>
</body>
</html>
